2026-04-12T17:44:52.073Z INFO signup request body: {"name":"Test User","email":"testuser@example.com","password":"Password1"}
2026-04-12T17:44:52.073Z INFO JWT_SECRET present: true
2026-04-12T17:44:52.204Z INFO login request body: {"email":"testuser@example.com","password":"Password1"}
2026-04-12T17:44:52.204Z INFO JWT_SECRET present: true
2026-04-12T17:44:57.461Z INFO signup request body: {"name":"Test User","email":"testuser@example.com","password":"Password1"}
2026-04-12T17:44:57.462Z INFO JWT_SECRET present: true
2026-04-12T17:44:57.568Z INFO login request body: {"email":"testuser@example.com","password":"Password1"}
2026-04-12T17:44:57.569Z INFO JWT_SECRET present: true
2026-04-12T17:46:14.417Z INFO login request body: {"email":"harit@gmail.com","password":"12345678"}
2026-04-12T17:46:14.417Z INFO JWT_SECRET present: true
2026-04-12T17:46:33.231Z INFO login request body: {"email":"harit@gmail.com","password":"12345678"}
2026-04-12T17:46:33.232Z INFO JWT_SECRET present: true
2026-04-12T17:46:50.358Z INFO login request body: {"email":"aman@gmail.com","password":"aman123"}
2026-04-12T17:46:50.358Z INFO JWT_SECRET present: true
2026-04-12T17:46:59.579Z INFO login request body: {"email":"aman@gmail.com","password":"aman1234"}
2026-04-12T17:46:59.579Z INFO JWT_SECRET present: true
2026-04-12T17:47:07.217Z INFO login request body: {"email":"aman@gmail.com","password":"aman123"}
2026-04-12T17:47:07.218Z INFO JWT_SECRET present: true
2026-04-12T17:47:37.259Z INFO signup request body: {"name":"test","email":"test@gmail.com","password":"test@123"}
2026-04-12T17:47:37.259Z INFO JWT_SECRET present: true
2026-04-12T17:49:10.239Z INFO signup request body: {"name":"qwert","email":"qwert@gmail.com","password":"qwertyuiop"}
2026-04-12T17:49:10.239Z INFO JWT_SECRET present: true
2026-04-12T17:50:27.251Z INFO signup request body: {"name":"qwerty","email":"qwerty@gmail.com","password":"qwert12345"}
2026-04-12T17:50:27.252Z INFO JWT_SECRET present: true
2026-04-12T17:50:40.054Z INFO login request body: {"email":"qwerty@gmail.com","password":"qwert12345"}
2026-04-12T17:50:40.055Z INFO JWT_SECRET present: true
2026-04-12T17:58:50.517Z INFO login request body: {"email":"qwerty@gmail.com","password":"qwert12345"}
2026-04-12T17:58:50.517Z INFO JWT_SECRET present: true
2026-04-12T17:59:21.379Z INFO login request body: {"email":"qwerty@gmail.com","password":"qwert12345"}
2026-04-12T17:59:21.379Z INFO JWT_SECRET present: true
2026-04-12T17:59:47.664Z INFO login request body: {"email":"qwerty@gmail.com","password":"qwert12345"}
2026-04-12T17:59:47.664Z INFO JWT_SECRET present: true
2026-04-12T21:03:17.646Z INFO login request body: {"email":"qwerty@gmail.com","password":"qwert12345"}
2026-04-12T21:03:17.647Z INFO JWT_SECRET present: true
2026-04-12T21:03:40.664Z INFO login request body: {"email":"qwerty@gmail.com","password":"qwert12345"}
2026-04-12T21:03:40.665Z INFO JWT_SECRET present: true
2026-04-12T21:06:15.953Z INFO login request body: {"email":"harit@gmail.com","password":"12345678"}
2026-04-12T21:06:15.953Z INFO JWT_SECRET present: true
2026-04-12T21:06:31.715Z INFO login request body: {"email":"harit@gmail.com","password":"12345678"}
2026-04-12T21:06:31.715Z INFO JWT_SECRET present: true
2026-04-12T21:06:47.103Z INFO login request body: {"email":"harit@gmail.com","password":"123456789"}
2026-04-12T21:06:47.104Z INFO JWT_SECRET present: true
2026-04-12T21:09:25.598Z INFO login request body: {"email":"harit@gmail.com","password":"12345678"}
2026-04-12T21:09:25.598Z INFO JWT_SECRET present: true
2026-04-12T21:10:15.885Z INFO login request body: {"email":"harit@gmail.com","password":"12345678"}
2026-04-12T21:10:15.886Z INFO JWT_SECRET present: true
2026-04-12T21:10:33.503Z INFO login request body: {"email":"qwerty@gmail.com","password":"qwert12345"}
2026-04-12T21:10:33.504Z INFO JWT_SECRET present: true
2026-04-12T21:10:47.863Z INFO login request body: {"email":"qwerty@gmail.com","password":"qwert12345"}
2026-04-12T21:10:47.863Z INFO JWT_SECRET present: true
2026-04-12T21:11:21.816Z INFO login request body: {"email":"qwerty@gmail.com","password":"qwert12345"}
2026-04-12T21:11:21.817Z INFO JWT_SECRET present: true
2026-04-12T21:11:39.494Z INFO login request body: {"email":"harit@gmail.com","password":"12345678"}
2026-04-12T21:11:39.495Z INFO JWT_SECRET present: true
2026-04-12T21:11:51.078Z INFO login request body: {"email":"harit@gmail.com","password":"12345678"}
2026-04-12T21:11:51.079Z INFO JWT_SECRET present: true
2026-04-12T21:12:09.199Z INFO login request body: {"email":"harit@gmail.com","password":"12345678"}
2026-04-12T21:12:09.200Z INFO JWT_SECRET present: true
2026-04-12T21:12:18.799Z INFO login request body: {"email":"qwerty@gmail.com","password":"qwert12345"}
2026-04-12T21:12:18.800Z INFO JWT_SECRET present: true
2026-04-12T21:16:44.322Z INFO login request body: {"email":"harit@gmail.com","password":"12345678"}
2026-04-12T21:16:44.323Z INFO JWT_SECRET present: true
2026-04-12T21:16:58.059Z INFO login request body: {"email":"qwerty@gmail.com","password":"qwert12345"}
2026-04-12T21:16:58.062Z INFO JWT_SECRET present: true
2026-04-12T21:17:07.601Z INFO login request body: {"email":"qwerty@gmail.com","password":"qwert12345"}
2026-04-12T21:17:07.602Z INFO JWT_SECRET present: true
2026-04-12T21:17:20.811Z INFO login request body: {"email":"qwerty@gmail.com","password":"qwert12345"}
2026-04-12T21:17:20.812Z INFO JWT_SECRET present: true
2026-04-12T21:17:41.979Z INFO login request body: {"email":"qwerty@gmail.com","password":"qwert12345"}
2026-04-12T21:17:41.980Z INFO JWT_SECRET present: true
2026-04-12T21:23:11.541Z INFO login request body: {"email":"qwerty@gmail.com","password":"qwert12345"}
2026-04-12T21:23:11.542Z INFO JWT_SECRET present: true
2026-04-12T21:26:45.770Z INFO login request body: {"email":"harit@gmail.com","password":"12345678"}
2026-04-12T21:26:45.771Z INFO JWT_SECRET present: true
2026-04-12T21:27:06.649Z INFO login request body: {"email":"harit@gmail.com","password":"12345678"}
2026-04-12T21:27:06.650Z INFO JWT_SECRET present: true
2026-04-12T21:27:17.445Z INFO login request body: {"email":"qwerty@gmail.com","password":"qwert12345"}
2026-04-12T21:27:17.446Z INFO JWT_SECRET present: true
2026-04-12T21:27:32.347Z INFO login request body: {"email":"qwerty@gmail.com","password":"qwert12345"}
2026-04-12T21:27:32.348Z INFO JWT_SECRET present: true
2026-04-12T21:32:13.246Z INFO login request body: {"email":"qwerty@gmail.com","password":"qwert12345"}
2026-04-12T21:32:13.246Z INFO JWT_SECRET present: true
2026-04-12T21:32:32.871Z INFO login request body: {"email":"harit@gmail.com","password":"123456789"}
2026-04-12T21:32:32.872Z INFO JWT_SECRET present: true
2026-04-12T21:33:10.045Z INFO login request body: {"email":"harit@gmail.com","password":"12345678"}
2026-04-12T21:33:10.046Z INFO JWT_SECRET present: true
2026-04-12T21:33:21.942Z INFO login request body: {"email":"qwerty@gmail.com","password":"qwert12345"}
2026-04-12T21:33:21.943Z INFO JWT_SECRET present: true
2026-04-12T21:33:38.334Z INFO login request body: {"email":"qwerty@gmail.com","password":"qwert12345"}
2026-04-12T21:33:38.335Z INFO JWT_SECRET present: true
2026-04-12T21:34:11.456Z INFO login request body: {"email":"test@gmail.com","password":"test@123"}
2026-04-12T21:34:11.456Z INFO JWT_SECRET present: true
2026-04-12T21:34:28.222Z INFO login request body: {"email":"test@gmail.com","password":"test@123"}
2026-04-12T21:34:28.223Z INFO JWT_SECRET present: true
2026-04-12T21:38:30.053Z INFO login request body: {"email":"harit@gmail.com","password":"123456789"}
2026-04-12T21:38:30.053Z INFO JWT_SECRET present: true
2026-04-12T21:38:45.922Z INFO login request body: {"email":"qwerty@gmail.com","password":"qwert12345"}
2026-04-12T21:38:45.923Z INFO JWT_SECRET present: true
2026-04-12T21:38:58.257Z INFO login request body: {"email":"qwerty@gmail.com","password":"qwert12345"}
2026-04-12T21:38:58.258Z INFO JWT_SECRET present: true
2026-04-12T21:39:14.683Z INFO login request body: {"email":"test@gmail.com","password":"test@123"}
2026-04-12T21:39:14.684Z INFO JWT_SECRET present: true
2026-04-12T21:39:30.828Z INFO login request body: {"email":"harit@gmail.com","password":"123456789"}
2026-04-12T21:39:30.829Z INFO JWT_SECRET present: true
2026-04-12T21:39:51.344Z INFO login request body: {"email":"qwerty@gmail.com","password":"qwert12345"}
2026-04-12T21:39:51.344Z INFO JWT_SECRET present: true
2026-04-12T21:40:08.904Z INFO login request body: {"email":"qwerty@gmail.com","password":"qwert12345"}
2026-04-12T21:40:08.905Z INFO JWT_SECRET present: true
2026-04-12T21:48:00.285Z INFO login request body: {"email":"qwerty@gmail.com","password":"qwert12345"}
2026-04-12T21:48:00.286Z INFO JWT_SECRET present: true
2026-04-12T21:49:44.390Z INFO login request body: {"email":"test@gmail.com","password":"test@123"}
2026-04-12T21:49:44.390Z INFO JWT_SECRET present: true
2026-04-12T21:49:58.540Z INFO login request body: {"email":"test@gmail.com","password":"test@123"}
2026-04-12T21:49:58.540Z INFO JWT_SECRET present: true
2026-04-12T21:56:25.023Z INFO login request body: {"email":"test@gmail.com","password":"test@123"}
2026-04-12T21:56:25.023Z INFO JWT_SECRET present: true
2026-04-12T21:56:54.191Z INFO login request body: {"email":"qwerty@gmail.com","password":"qwert12345"}
2026-04-12T21:56:54.191Z INFO JWT_SECRET present: true
2026-04-12T21:59:45.308Z INFO login request body: {"email":"test@gmail.com","password":"test@123"}
2026-04-12T21:59:45.308Z INFO JWT_SECRET present: true
2026-09-18T18:07:03.895Z INFO login request body: {"email":"harit@gmail.com","password":"123456789"}
2026-09-18T18:07:03.895Z INFO JWT_SECRET present: true
2026-09-18T18:14:00.924Z INFO login request body: {"email":"harit@gmail.com","password":"123456789"}
2026-09-18T18:14:00.924Z INFO JWT_SECRET present: true
2026-09-18T18:16:14.192Z INFO login request body: {"password":"test@123","email":"test@gmail.com"}
2026-09-18T18:16:14.192Z INFO JWT_SECRET present: true
2026-09-18T18:16:18.469Z INFO login request body: {"password":"test@123","email":"test@gmail.com"}
2026-09-18T18:16:18.469Z INFO JWT_SECRET present: true
2026-09-18T18:17:19.194Z INFO login request body: {"password":"test@123","email":"test@gmail.com"}
2026-09-18T18:17:19.195Z INFO JWT_SECRET present: true
2026-09-18T18:19:30.081Z INFO login request body: {"email":"harit@gmail.com","password":"123456789"}
2026-09-18T18:19:30.081Z INFO JWT_SECRET present: true
2026-09-18T18:24:37.087Z INFO login request body: {"email":"harit@gmail.com","password":"123456789"}
2026-09-18T18:24:37.087Z INFO JWT_SECRET present: true
